// Jest Snapshot v1, https://goo.gl/fbAQLP

exports[`Test <HomeScreen /> should render correctly 1`] = `
<div>
  <h1>
    HomeScreen
  </h1>
  <hr />
  <pre>
    {
    "name": "Alex",
    "email": "alex@test.com"
}
  </pre>
</div>
`;
