// Jest Snapshot v1, https://goo.gl/fbAQLP

exports[`Test HookApp should render <HookApp /> correctly 1`] = `
<div>
  <h1>
    Hola mundo
  </h1>
</div>
`;
