// Jest Snapshot v1, https://goo.gl/fbAQLP

exports[`Test <AppRouter /> should render correctly 1`] = `
<div>
  <nav
    className="navbar navbar-expand-sm navbar-dark bg-dark"
  >
    <a
      className="navbar-brand"
      href="/"
      onClick={[Function]}
    >
      useContext
    </a>
    <div
      className="collapse navbar-collapse"
      id="navbarNav"
    >
      <div
        className="navbar-nav"
      >
        <a
          aria-current="page"
          className="nav-link active"
          href="/"
          onClick={[Function]}
        >
          Home
        </a>
        <a
          className="nav-link"
          href="/about"
          onClick={[Function]}
        >
          About
        </a>
        <a
          className="nav-link"
          href="/login"
          onClick={[Function]}
        >
          Login
        </a>
      </div>
    </div>
  </nav>
  <div
    className="container"
  >
    <div>
      <h1>
        HomeScreen
      </h1>
      <hr />
      <pre>
        {
    "id": 1,
    "name": "Alex"
}
      </pre>
    </div>
  </div>
</div>
`;
